<div class="block">
  <div class="block___elem"></div>
  <div class="block___elem block___elem--size__large"></div>
</div>
