<div class="block">
  <div class="block__elem"></div>
  <div class="block__elem block__elem_size_large"></div>
</div>
